[INFO] Scanning for projects...
[INFO] 
[INFO] ---------------------< com.aurevia:city-explorer >----------------------
[INFO] Building city-explorer 0.0.1-SNAPSHOT
[INFO]   from pom.xml
[INFO] --------------------------------[ jar ]---------------------------------
[INFO] 
[INFO] >>> spring-boot:3.4.5:run (default-cli) > test-compile @ city-explorer >>>
[INFO] 
[INFO] --- resources:3.3.1:resources (default-resources) @ city-explorer ---
[INFO] Copying 1 resource from src\main\resources to target\classes
[INFO] Copying 13 resources from src\main\resources to target\classes
[INFO] 
[INFO] --- compiler:3.13.0:compile (default-compile) @ city-explorer ---
[INFO] Nothing to compile - all classes are up to date.
[INFO] 
[INFO] --- resources:3.3.1:testResources (default-testResources) @ city-explorer ---
[INFO] skip non existing resourceDirectory C:\Users\91854\Pictures\posts\majorprojectai\src\test\resources
[INFO] 
[INFO] --- compiler:3.13.0:testCompile (default-testCompile) @ city-explorer ---
[INFO] Nothing to compile - all classes are up to date.
[INFO] 
[INFO] <<< spring-boot:3.4.5:run (default-cli) < test-compile @ city-explorer <<<
[INFO] 
[INFO] 
[INFO] --- spring-boot:3.4.5:run (default-cli) @ city-explorer ---
[INFO] Attaching agents: []

  .   ____          _            __ _ _
 /\\ / ___'_ __ _ _(_)_ __  __ _ \ \ \ \
( ( )\___ | '_ | '_| | '_ \/ _` | \ \ \ \
 \\/  ___)| |_)| | | | | || (_| |  ) ) ) )
  '  |____| .__|_| |_|_| |_\__, | / / / /
 =========|_|==============|___/=/_/_/_/

 :: Spring Boot ::                (v3.4.5)

2026-05-01T17:52:17.258+05:30  INFO 15284 --- [city-explorer] [           main] c.a.c.CityExplorerApplication            : Starting CityExplorerApplication using Java 25.0.2 with PID 15284 (C:\Users\91854\Pictures\posts\majorprojectai\target\classes started by 91854 in C:\Users\91854\Pictures\posts\majorprojectai)
2026-05-01T17:52:17.261+05:30  INFO 15284 --- [city-explorer] [           main] c.a.c.CityExplorerApplication            : No active profile set, falling back to 1 default profile: "default"
2026-05-01T17:52:18.556+05:30  INFO 15284 --- [city-explorer] [           main] .s.d.r.c.RepositoryConfigurationDelegate : Bootstrapping Spring Data JPA repositories in DEFAULT mode.
2026-05-01T17:52:18.689+05:30  INFO 15284 --- [city-explorer] [           main] .s.d.r.c.RepositoryConfigurationDelegate : Finished Spring Data repository scanning in 118 ms. Found 4 JPA repository interfaces.
2026-05-01T17:52:19.851+05:30  INFO 15284 --- [city-explorer] [           main] o.s.b.w.embedded.tomcat.TomcatWebServer  : Tomcat initialized with port 8081 (http)
2026-05-01T17:52:19.873+05:30  INFO 15284 --- [city-explorer] [           main] o.apache.catalina.core.StandardService   : Starting service [Tomcat]
2026-05-01T17:52:19.874+05:30  INFO 15284 --- [city-explorer] [           main] o.apache.catalina.core.StandardEngine    : Starting Servlet engine: [Apache Tomcat/10.1.40]
2026-05-01T17:52:19.966+05:30  INFO 15284 --- [city-explorer] [           main] o.a.c.c.C.[Tomcat].[localhost].[/]       : Initializing Spring embedded WebApplicationContext
2026-05-01T17:52:19.967+05:30  INFO 15284 --- [city-explorer] [           main] w.s.c.ServletWebServerApplicationContext : Root WebApplicationContext: initialization completed in 2619 ms
2026-05-01T17:52:20.227+05:30  INFO 15284 --- [city-explorer] [           main] o.hibernate.jpa.internal.util.LogHelper  : HHH000204: Processing PersistenceUnitInfo [name: default]
2026-05-01T17:52:20.298+05:30  INFO 15284 --- [city-explorer] [           main] org.hibernate.Version                    : HHH000412: Hibernate ORM core version 6.6.13.Final
2026-05-01T17:52:20.346+05:30  INFO 15284 --- [city-explorer] [           main] o.h.c.internal.RegionFactoryInitiator    : HHH000026: Second-level cache disabled
2026-05-01T17:52:20.772+05:30  INFO 15284 --- [city-explorer] [           main] o.s.o.j.p.SpringPersistenceUnitInfo      : No LoadTimeWeaver setup: ignoring JPA class transformer
2026-05-01T17:52:20.830+05:30  INFO 15284 --- [city-explorer] [           main] com.zaxxer.hikari.HikariDataSource       : HikariPool-1 - Starting...
2026-05-01T17:52:21.234+05:30  INFO 15284 --- [city-explorer] [           main] com.zaxxer.hikari.pool.HikariPool        : HikariPool-1 - Added connection conn0: url=jdbc:h2:file:./data/aurevia-db-v2 user=SA
2026-05-01T17:52:21.238+05:30  INFO 15284 --- [city-explorer] [           main] com.zaxxer.hikari.HikariDataSource       : HikariPool-1 - Start completed.
2026-05-01T17:52:21.317+05:30  INFO 15284 --- [city-explorer] [           main] org.hibernate.orm.connections.pooling    : HHH10001005: Database info:
	Database JDBC URL [Connecting through datasource 'HikariDataSource (HikariPool-1)']
	Database driver: undefined/unknown
	Database version: 2.3.232
	Autocommit mode: undefined/unknown
	Isolation level: undefined/unknown
	Minimum pool size: undefined/unknown
	Maximum pool size: undefined/unknown
2026-05-01T17:52:22.855+05:30  INFO 15284 --- [city-explorer] [           main] o.h.e.t.j.p.i.JtaPlatformInitiator       : HHH000489: No JTA platform available (set 'hibernate.transaction.jta.platform' to enable JTA platform integration)
2026-05-01T17:52:22.937+05:30  INFO 15284 --- [city-explorer] [           main] j.LocalContainerEntityManagerFactoryBean : Initialized JPA EntityManagerFactory for persistence unit 'default'
2026-05-01T17:52:23.624+05:30  INFO 15284 --- [city-explorer] [           main] r$InitializeUserDetailsManagerConfigurer : Global AuthenticationManager configured with UserDetailsService bean with name userService
2026-05-01T17:52:24.345+05:30  INFO 15284 --- [city-explorer] [           main] o.s.b.a.h2.H2ConsoleAutoConfiguration    : H2 console available at '/h2-console'. Database available at 'jdbc:h2:file:./data/aurevia-db-v2'
2026-05-01T17:52:24.496+05:30  INFO 15284 --- [city-explorer] [           main] o.s.b.w.embedded.tomcat.TomcatWebServer  : Tomcat started on port 8081 (http) with context path '/'
2026-05-01T17:52:24.509+05:30  INFO 15284 --- [city-explorer] [           main] c.a.c.CityExplorerApplication            : Started CityExplorerApplication in 7.954 seconds (process running for 8.607)
2026-05-01T17:52:30.127+05:30  INFO 15284 --- [city-explorer] [nio-8081-exec-1] o.a.c.c.C.[Tomcat].[localhost].[/]       : Initializing Spring DispatcherServlet 'dispatcherServlet'
2026-05-01T17:52:30.128+05:30  INFO 15284 --- [city-explorer] [nio-8081-exec-1] o.s.web.servlet.DispatcherServlet        : Initializing Servlet 'dispatcherServlet'
2026-05-01T17:52:30.129+05:30  INFO 15284 --- [city-explorer] [nio-8081-exec-1] o.s.web.servlet.DispatcherServlet        : Completed initialization in 1 ms
[INFO] ------------------------------------------------------------------------
[INFO] BUILD FAILURE
[INFO] ------------------------------------------------------------------------
[INFO] Total time:  47:45 min
[INFO] Finished at: 2026-05-01T18:39:55+05:30
[INFO] ------------------------------------------------------------------------
[ERROR] Failed to execute goal org.springframework.boot:spring-boot-maven-plugin:3.4.5:run (default-cli) on project city-explorer: Process terminated with exit code: -1 -> [Help 1]
[ERROR] 
[ERROR] To see the full stack trace of the errors, re-run Maven with the -e switch.
[ERROR] Re-run Maven using the -X switch to enable full debug logging.
[ERROR] 
[ERROR] For more information about the errors and possible solutions, please read the following articles:
[ERROR] [Help 1] http://cwiki.apache.org/confluence/display/MAVEN/MojoExecutionException
