[INFO] Scanning for projects...
[INFO] 
[INFO] ---------------------< com.aurevia:city-explorer >----------------------
[INFO] Building city-explorer 0.0.1-SNAPSHOT
[INFO]   from pom.xml
[INFO] --------------------------------[ jar ]---------------------------------
[INFO] 
[INFO] >>> spring-boot:3.4.5:run (default-cli) > test-compile @ city-explorer >>>
[INFO] 
[INFO] --- resources:3.3.1:resources (default-resources) @ city-explorer ---
[INFO] Copying 1 resource from src\main\resources to target\classes
[INFO] Copying 12 resources from src\main\resources to target\classes
[INFO] 
[INFO] --- compiler:3.13.0:compile (default-compile) @ city-explorer ---
[INFO] Nothing to compile - all classes are up to date.
[INFO] 
[INFO] --- resources:3.3.1:testResources (default-testResources) @ city-explorer ---
[INFO] skip non existing resourceDirectory C:\Users\91854\Pictures\posts\majorprojectai\src\test\resources
[INFO] 
[INFO] --- compiler:3.13.0:testCompile (default-testCompile) @ city-explorer ---
[INFO] No sources to compile
[INFO] 
[INFO] <<< spring-boot:3.4.5:run (default-cli) < test-compile @ city-explorer <<<
[INFO] 
[INFO] 
[INFO] --- spring-boot:3.4.5:run (default-cli) @ city-explorer ---
[INFO] Attaching agents: []

  .   ____          _            __ _ _
 /\\ / ___'_ __ _ _(_)_ __  __ _ \ \ \ \
( ( )\___ | '_ | '_| | '_ \/ _` | \ \ \ \
 \\/  ___)| |_)| | | | | || (_| |  ) ) ) )
  '  |____| .__|_| |_|_| |_\__, | / / / /
 =========|_|==============|___/=/_/_/_/

 :: Spring Boot ::                (v3.4.5)

2026-04-30T18:13:09.043+05:30  INFO 16504 --- [city-explorer] [           main] c.a.c.CityExplorerApplication            : Starting CityExplorerApplication using Java 25.0.2 with PID 16504 (C:\Users\91854\Pictures\posts\majorprojectai\target\classes started by 91854 in C:\Users\91854\Pictures\posts\majorprojectai)
2026-04-30T18:13:09.048+05:30  INFO 16504 --- [city-explorer] [           main] c.a.c.CityExplorerApplication            : No active profile set, falling back to 1 default profile: "default"
2026-04-30T18:13:11.762+05:30  INFO 16504 --- [city-explorer] [           main] .s.d.r.c.RepositoryConfigurationDelegate : Bootstrapping Spring Data JPA repositories in DEFAULT mode.
2026-04-30T18:13:11.975+05:30  INFO 16504 --- [city-explorer] [           main] .s.d.r.c.RepositoryConfigurationDelegate : Finished Spring Data repository scanning in 191 ms. Found 4 JPA repository interfaces.
2026-04-30T18:13:13.750+05:30  INFO 16504 --- [city-explorer] [           main] o.s.b.w.embedded.tomcat.TomcatWebServer  : Tomcat initialized with port 8081 (http)
2026-04-30T18:13:13.810+05:30  INFO 16504 --- [city-explorer] [           main] o.apache.catalina.core.StandardService   : Starting service [Tomcat]
2026-04-30T18:13:13.811+05:30  INFO 16504 --- [city-explorer] [           main] o.apache.catalina.core.StandardEngine    : Starting Servlet engine: [Apache Tomcat/10.1.40]
2026-04-30T18:13:13.982+05:30  INFO 16504 --- [city-explorer] [           main] o.a.c.c.C.[Tomcat].[localhost].[/]       : Initializing Spring embedded WebApplicationContext
2026-04-30T18:13:13.984+05:30  INFO 16504 --- [city-explorer] [           main] w.s.c.ServletWebServerApplicationContext : Root WebApplicationContext: initialization completed in 4549 ms
2026-04-30T18:13:14.422+05:30  INFO 16504 --- [city-explorer] [           main] o.hibernate.jpa.internal.util.LogHelper  : HHH000204: Processing PersistenceUnitInfo [name: default]
2026-04-30T18:13:14.580+05:30  INFO 16504 --- [city-explorer] [           main] org.hibernate.Version                    : HHH000412: Hibernate ORM core version 6.6.13.Final
2026-04-30T18:13:14.692+05:30  INFO 16504 --- [city-explorer] [           main] o.h.c.internal.RegionFactoryInitiator    : HHH000026: Second-level cache disabled
2026-04-30T18:13:15.533+05:30  INFO 16504 --- [city-explorer] [           main] o.s.o.j.p.SpringPersistenceUnitInfo      : No LoadTimeWeaver setup: ignoring JPA class transformer
2026-04-30T18:13:15.654+05:30  INFO 16504 --- [city-explorer] [           main] com.zaxxer.hikari.HikariDataSource       : HikariPool-1 - Starting...
2026-04-30T18:13:16.246+05:30  INFO 16504 --- [city-explorer] [           main] com.zaxxer.hikari.pool.HikariPool        : HikariPool-1 - Added connection conn0: url=jdbc:h2:file:./data/aurevia-db-v2 user=SA
2026-04-30T18:13:16.250+05:30  INFO 16504 --- [city-explorer] [           main] com.zaxxer.hikari.HikariDataSource       : HikariPool-1 - Start completed.
2026-04-30T18:13:16.455+05:30  INFO 16504 --- [city-explorer] [           main] org.hibernate.orm.connections.pooling    : HHH10001005: Database info:
	Database JDBC URL [Connecting through datasource 'HikariDataSource (HikariPool-1)']
	Database driver: undefined/unknown
	Database version: 2.3.232
	Autocommit mode: undefined/unknown
	Isolation level: undefined/unknown
	Minimum pool size: undefined/unknown
	Maximum pool size: undefined/unknown
2026-04-30T18:13:19.514+05:30  INFO 16504 --- [city-explorer] [           main] o.h.e.t.j.p.i.JtaPlatformInitiator       : HHH000489: No JTA platform available (set 'hibernate.transaction.jta.platform' to enable JTA platform integration)
2026-04-30T18:13:19.754+05:30  INFO 16504 --- [city-explorer] [           main] j.LocalContainerEntityManagerFactoryBean : Initialized JPA EntityManagerFactory for persistence unit 'default'
2026-04-30T18:13:20.884+05:30  INFO 16504 --- [city-explorer] [           main] r$InitializeUserDetailsManagerConfigurer : Global AuthenticationManager configured with UserDetailsService bean with name userService
2026-04-30T18:13:22.101+05:30  INFO 16504 --- [city-explorer] [           main] o.s.b.a.h2.H2ConsoleAutoConfiguration    : H2 console available at '/h2-console'. Database available at 'jdbc:h2:file:./data/aurevia-db-v2'
2026-04-30T18:13:22.382+05:30  INFO 16504 --- [city-explorer] [           main] o.s.b.w.embedded.tomcat.TomcatWebServer  : Tomcat started on port 8081 (http) with context path '/'
2026-04-30T18:13:22.402+05:30  INFO 16504 --- [city-explorer] [           main] c.a.c.CityExplorerApplication            : Started CityExplorerApplication in 14.711 seconds (process running for 15.77)
2026-04-30T18:13:25.597+05:30  INFO 16504 --- [city-explorer] [nio-8081-exec-1] o.a.c.c.C.[Tomcat].[localhost].[/]       : Initializing Spring DispatcherServlet 'dispatcherServlet'
2026-04-30T18:13:25.598+05:30  INFO 16504 --- [city-explorer] [nio-8081-exec-1] o.s.web.servlet.DispatcherServlet        : Initializing Servlet 'dispatcherServlet'
2026-04-30T18:13:25.602+05:30  INFO 16504 --- [city-explorer] [nio-8081-exec-1] o.s.web.servlet.DispatcherServlet        : Completed initialization in 2 ms
[INFO] ------------------------------------------------------------------------
[INFO] BUILD FAILURE
[INFO] ------------------------------------------------------------------------
[INFO] Total time:  35:14 min
[INFO] Finished at: 2026-04-30T18:48:12+05:30
[INFO] ------------------------------------------------------------------------
[ERROR] Failed to execute goal org.springframework.boot:spring-boot-maven-plugin:3.4.5:run (default-cli) on project city-explorer: Process terminated with exit code: -1 -> [Help 1]
[ERROR] 
[ERROR] To see the full stack trace of the errors, re-run Maven with the -e switch.
[ERROR] Re-run Maven using the -X switch to enable full debug logging.
[ERROR] 
[ERROR] For more information about the errors and possible solutions, please read the following articles:
[ERROR] [Help 1] http://cwiki.apache.org/confluence/display/MAVEN/MojoExecutionException
