
  .   ____          _            __ _ _
 /\\ / ___'_ __ _ _(_)_ __  __ _ \ \ \ \
( ( )\___ | '_ | '_| | '_ \/ _` | \ \ \ \
 \\/  ___)| |_)| | | | | || (_| |  ) ) ) )
  '  |____| .__|_| |_|_| |_\__, | / / / /
 =========|_|==============|___/=/_/_/_/

 :: Spring Boot ::                (v3.4.5)

2026-05-01T19:05:36.996+05:30  INFO 4532 --- [city-explorer] [           main] c.a.c.CityExplorerApplication            : Starting CityExplorerApplication v0.0.1-SNAPSHOT using Java 25.0.2 with PID 4532 (C:\Users\91854\Pictures\posts\majorprojectai\target\city-explorer-0.0.1-SNAPSHOT.jar started by 91854 in C:\Users\91854\Pictures\posts\majorprojectai)
2026-05-01T19:05:37.002+05:30  INFO 4532 --- [city-explorer] [           main] c.a.c.CityExplorerApplication            : No active profile set, falling back to 1 default profile: "default"
2026-05-01T19:05:39.439+05:30  INFO 4532 --- [city-explorer] [           main] .s.d.r.c.RepositoryConfigurationDelegate : Bootstrapping Spring Data JPA repositories in DEFAULT mode.
2026-05-01T19:05:39.614+05:30  INFO 4532 --- [city-explorer] [           main] .s.d.r.c.RepositoryConfigurationDelegate : Finished Spring Data repository scanning in 145 ms. Found 4 JPA repository interfaces.
2026-05-01T19:05:41.386+05:30  INFO 4532 --- [city-explorer] [           main] o.s.b.w.embedded.tomcat.TomcatWebServer  : Tomcat initialized with port 8081 (http)
2026-05-01T19:05:41.413+05:30  INFO 4532 --- [city-explorer] [           main] o.apache.catalina.core.StandardService   : Starting service [Tomcat]
2026-05-01T19:05:41.414+05:30  INFO 4532 --- [city-explorer] [           main] o.apache.catalina.core.StandardEngine    : Starting Servlet engine: [Apache Tomcat/10.1.40]
2026-05-01T19:05:41.485+05:30  INFO 4532 --- [city-explorer] [           main] o.a.c.c.C.[Tomcat].[localhost].[/]       : Initializing Spring embedded WebApplicationContext
2026-05-01T19:05:41.488+05:30  INFO 4532 --- [city-explorer] [           main] w.s.c.ServletWebServerApplicationContext : Root WebApplicationContext: initialization completed in 4360 ms
2026-05-01T19:05:41.994+05:30  INFO 4532 --- [city-explorer] [           main] o.hibernate.jpa.internal.util.LogHelper  : HHH000204: Processing PersistenceUnitInfo [name: default]
2026-05-01T19:05:42.166+05:30  INFO 4532 --- [city-explorer] [           main] org.hibernate.Version                    : HHH000412: Hibernate ORM core version 6.6.13.Final
2026-05-01T19:05:42.350+05:30  INFO 4532 --- [city-explorer] [           main] o.h.c.internal.RegionFactoryInitiator    : HHH000026: Second-level cache disabled
2026-05-01T19:05:43.134+05:30  INFO 4532 --- [city-explorer] [           main] o.s.o.j.p.SpringPersistenceUnitInfo      : No LoadTimeWeaver setup: ignoring JPA class transformer
2026-05-01T19:05:43.261+05:30  INFO 4532 --- [city-explorer] [           main] com.zaxxer.hikari.HikariDataSource       : HikariPool-1 - Starting...
2026-05-01T19:05:43.747+05:30  INFO 4532 --- [city-explorer] [           main] com.zaxxer.hikari.pool.HikariPool        : HikariPool-1 - Added connection conn0: url=jdbc:h2:file:./data/aurevia-db-v2 user=SA
2026-05-01T19:05:43.751+05:30  INFO 4532 --- [city-explorer] [           main] com.zaxxer.hikari.HikariDataSource       : HikariPool-1 - Start completed.
2026-05-01T19:05:43.911+05:30  INFO 4532 --- [city-explorer] [           main] org.hibernate.orm.connections.pooling    : HHH10001005: Database info:
	Database JDBC URL [Connecting through datasource 'HikariDataSource (HikariPool-1)']
	Database driver: undefined/unknown
	Database version: 2.3.232
	Autocommit mode: undefined/unknown
	Isolation level: undefined/unknown
	Minimum pool size: undefined/unknown
	Maximum pool size: undefined/unknown
2026-05-01T19:05:50.873+05:30  INFO 4532 --- [city-explorer] [           main] o.h.e.t.j.p.i.JtaPlatformInitiator       : HHH000489: No JTA platform available (set 'hibernate.transaction.jta.platform' to enable JTA platform integration)
2026-05-01T19:05:51.324+05:30  INFO 4532 --- [city-explorer] [           main] j.LocalContainerEntityManagerFactoryBean : Initialized JPA EntityManagerFactory for persistence unit 'default'
2026-05-01T19:05:56.350+05:30  INFO 4532 --- [city-explorer] [           main] r$InitializeUserDetailsManagerConfigurer : Global AuthenticationManager configured with UserDetailsService bean with name userService
2026-05-01T19:05:59.892+05:30  INFO 4532 --- [city-explorer] [           main] o.s.b.a.h2.H2ConsoleAutoConfiguration    : H2 console available at '/h2-console'. Database available at 'jdbc:h2:file:./data/aurevia-db-v2'
2026-05-01T19:06:01.196+05:30  INFO 4532 --- [city-explorer] [           main] o.s.b.w.embedded.tomcat.TomcatWebServer  : Tomcat started on port 8081 (http) with context path '/'
2026-05-01T19:06:01.283+05:30  INFO 4532 --- [city-explorer] [           main] c.a.c.CityExplorerApplication            : Started CityExplorerApplication in 25.449 seconds (process running for 26.782)
2026-05-01T19:06:17.042+05:30  INFO 4532 --- [city-explorer] [nio-8081-exec-2] o.a.c.c.C.[Tomcat].[localhost].[/]       : Initializing Spring DispatcherServlet 'dispatcherServlet'
2026-05-01T19:06:17.044+05:30  INFO 4532 --- [city-explorer] [nio-8081-exec-2] o.s.web.servlet.DispatcherServlet        : Initializing Servlet 'dispatcherServlet'
2026-05-01T19:06:17.049+05:30  INFO 4532 --- [city-explorer] [nio-8081-exec-2] o.s.web.servlet.DispatcherServlet        : Completed initialization in 4 ms
